// Jest Snapshot v1, https://goo.gl/fbAQLP

exports[`App mounts App component to the virtual DOM 1`] = `
<DocumentFragment>
  <div
    class="App"
  >
    <img
      alt="logo"
      class="Logo"
      src="nasa-worm-logo.png"
    />
    <form
      class="input-form"
    >
      <input
        class="Search"
        type="text"
      />
      <button
        class="submit"
        type="submit"
      >
        Search
      </button>
    </form>
    <p>
      No Results!
    </p>
  </div>
</DocumentFragment>
`;
